[backblue.gif]
[fade.gif]
[index.html]
[tellthetales.com/uploads/2/9/1/5/2915873/35415803def.jpg]
[tellthetales.com/uploads/2/9/1/5/2915873/567288a3c6.jpg]
[tellthetales.com/uploads/2/9/1/5/2915873/70172028ae4.jpg]
[tellthetales.com/uploads/2/9/1/5/2915873/1383765657.jpg]
[tellthetales.com/uploads/2/9/1/5/2915873/53866169dcb.jpg]
[tellthetales.com/uploads/2/9/1/5/2915873/786391fa7c.jpg]
[tellthetales.com/uploads/2/9/1/5/2915873/1425675231.png]
[tellthetales.com/uploads/2/9/1/5/2915873/header_images/1425676192.jpg]
[tellthetales.com/index.html]
[tellthetales.com/files/theme/bodybgc9c4.jpg]
[tellthetales.com/files/theme/titlebgc9c4.png]
[tellthetales.com/files/theme/navigationlic9c4.gif]
[tellthetales.com/files/theme/headerbgc9c4.png]
[tellthetales.com/files/theme/default_headerc9c4.jpg]
[tellthetales.com/files/main_stylefde1.css]
[tellthetales.com/files/theme/footerbgc9c4.jpg]
[tellthetales.com/index-2.html]
[tellthetales.com/portfolio.html]
[tellthetales.com/uploads/2/9/1/5/2915873/51767f1d.jpg]
[tellthetales.com/uploads/2/9/1/5/2915873/5400010f28.jpg]
[tellthetales.com/uploads/2/9/1/5/2915873/1864723.jpg]
[tellthetales.com/uploads/2/9/1/5/2915873/8338671.jpg]
[tellthetales.com/packages.html]
[tellthetales.com/uploads/2/9/1/5/2915873/710503.jpg]
[tellthetales.com/uploads/2/9/1/5/2915873/374866638db.jpg]
[tellthetales.com/my-tale.html]
[tellthetales.com/uploads/2/9/1/5/2915873/25019838f12.jpg]
[tellthetales.com/contact.html]
[tellthetales.com/uploads/2/9/1/5/2915873/12352493988.jpg]
[tellthetales.com/uploads/2/9/1/5/2915873/7081116903c.jpg]
[tellthetales.com/uploads/2/9/1/5/2915873/3225008903c.jpg]
[tellthetales.com/darcy-johnson-photography.html]
